#-----------------------------------------------------------
# Vivado v2025.1 (64-bit)
# SW Build 6140274 on Thu May 22 00:12:29 MDT 2025
# IP Build 6138677 on Thu May 22 03:10:11 MDT 2025
# SharedData Build 6139179 on Tue May 20 17:58:58 MDT 2025
# Start of session at: Mon Jul  7 23:33:09 2025
# Process ID         : 8340
# Current directory  : C:/Users/shikh/Downloads/IEEE-FPU-main/IEEE-FPU-main
# Command line       : vivado.exe -gui_launcher_event rodinguilauncherevent27496 C:\Users\shikh\Downloads\IEEE-FPU-main\IEEE-FPU-main\fpu_comparch.xpr
# Log file           : C:/Users/shikh/Downloads/IEEE-FPU-main/IEEE-FPU-main/vivado.log
# Journal file       : C:/Users/shikh/Downloads/IEEE-FPU-main/IEEE-FPU-main\vivado.jou
# Running On         : LAPTOP-8EOGU3ER
# Platform           : Windows Server 2016 or Windows 10
# Operating System   : 26100
# Processor Detail   : 12th Gen Intel(R) Core(TM) i5-1240P
# CPU Frequency      : 2112 MHz
# CPU Physical cores : 12
# CPU Logical cores  : 16
# Host memory        : 8280 MB
# Swap memory        : 9663 MB
# Total Virtual      : 17943 MB
# Available Virtual  : 5604 MB
#-----------------------------------------------------------
start_gui
open_project C:/Users/shikh/Downloads/IEEE-FPU-main/IEEE-FPU-main/fpu_comparch.xpr
update_compile_order -fileset sources_1
update_compile_order -fileset sources_1
